// Jest Snapshot v1, https://goo.gl/fbAQLP

exports[`should return application state 1`] = `
Object {
  "error": null,
  "loaded": false,
  "loading": false,
}
`;

exports[`should return filter state 1`] = `"SHOW_ALL"`;

exports[`should return todo state 1`] = `Array []`;
